// Jest Snapshot v1, https://goo.gl/fbAQLP

exports[`Test Sub Recipes 1`] = `
<ul
  className="ingredients"
>
  <li
    className="ingredient"
  >
    <span
      className="quantity"
    >
      1
       
    </span>
    <span
      className="measurement"
    >
      dash
       
    </span>
    <a
      className="title"
      href="/recipe/undefined"
      onClick={[Function]}
    >
      black pepper
    </a>
  </li>
  <li
    className="ingredient"
  >
    <span
      className="quantity"
    >
      4
       
    </span>
    <span
      className="measurement"
    >
      tablespoons
       
    </span>
    <a
      className="title"
      href="/recipe/undefined"
      onClick={[Function]}
    >
      chili powder
    </a>
  </li>
</ul>
`;
